{
    "dataValues": [
        {
            "dataElement": "hrv4hSVUzSH",
            "period": "202110",
            "orgUnit": "BWW8zaLISW4",
            "value": "1"
        },
        {
            "dataElement": "qvAIA72ZfNL",
            "period": "202110",
            "orgUnit": "BWW8zaLISW4",
            "value": "2"
        }
    ]
}
